{
    "*.type": [
        "post",
        "post",
        "post",
        "post",
        "post",
        "post",
        "post",
        "post",
        "post",
        "post"
    ],
    "*.status": [
        "publish",
        "publish",
        "publish",
        "publish",
        "publish",
        "publish",
        "publish",
        "publish",
        "publish",
        "publish"
    ]
}
