<html><body><p>User-agent: *
Disallow: /wp-admin/
Allow: /wp-admin/admin-ajax.php

Sitemap: http://example.org/wp-sitemap.xml
</p></body></html>
