<div class="example">
			<p>Example</p>
		<div class="example-two">
			<p>Example two</p>
		</div>
</div>
