- 200
-
    content-type: 'text/html; charset=UTF-8'
