- 200
-
    content-type: 'application/json; charset=UTF-8'
    x-robots-tag: noindex
    link: '<http://example.org/wp-json/>; rel="https://api.w.org/"'
    x-content-type-options: nosniff
    access-control-expose-headers: 'X-WP-Total, X-WP-TotalPages, Link'
    access-control-allow-headers: 'Authorization, X-WP-Nonce, Content-Disposition, Content-MD5, Content-Type'
    x-wp-total: 0
    x-wp-totalpages: 0
    allow: GET
