<html><body>
<div class="example">
			<p>Example</p>
		</div>
<div class="example-two">
			<p>Example two</p>
		</div>
</body></html>
